 INFO  Accepting connections at http://localhost:3000
 HTTP  9/27/2026 1:59:41 PM ::1 GET /index.html
 HTTP  9/27/2026 1:59:41 PM ::1 Returned 301 in 30 ms
 HTTP  9/27/2026 1:59:41 PM ::1 GET /index
 HTTP  9/27/2026 1:59:41 PM ::1 Returned 301 in 1 ms
 HTTP  9/27/2026 1:59:41 PM ::1 GET /
 HTTP  9/27/2026 1:59:41 PM ::1 Returned 200 in 5 ms
 HTTP  9/27/2026 1:59:41 PM ::1 GET /assets/index.html-DJuLQVEt.js
 HTTP  9/27/2026 1:59:41 PM ::1 GET /assets/src-B-HZ1_cd.css
 HTTP  9/27/2026 1:59:41 PM ::1 GET /assets/jsx-runtime-CNxEmuZI.js
 HTTP  9/27/2026 1:59:41 PM ::1 GET /assets/src-DzQxpg2v.js
 HTTP  9/27/2026 1:59:41 PM ::1 GET /assets/createLucideIcon-DaTeqTW2.js
 HTTP  9/27/2026 1:59:41 PM ::1 GET /assets/shield-DT2cXFY2.js
 HTTP  9/27/2026 1:59:41 PM ::1 Returned 200 in 10 ms
 HTTP  9/27/2026 1:59:41 PM ::1 Returned 200 in 10 ms
 HTTP  9/27/2026 1:59:41 PM ::1 Returned 200 in 9 ms
 HTTP  9/27/2026 1:59:41 PM ::1 Returned 200 in 9 ms
 HTTP  9/27/2026 1:59:41 PM ::1 Returned 200 in 9 ms
 HTTP  9/27/2026 1:59:41 PM ::1 Returned 200 in 18 ms
 HTTP  9/27/2026 1:59:41 PM ::1 GET /assets/shield-check-BokZ-n42.js
 HTTP  9/27/2026 1:59:41 PM ::1 GET /assets/manager-BWo3Ud1g.js
 HTTP  9/27/2026 1:59:41 PM ::1 Returned 200 in 6 ms
 HTTP  9/27/2026 1:59:41 PM ::1 Returned 200 in 8 ms
 HTTP  9/27/2026 1:59:41 PM ::1 GET /james.png
 HTTP  9/27/2026 1:59:41 PM ::1 Returned 200 in 5 ms
 HTTP  9/27/2026 2:00:53 PM ::1 GET /index.html
 HTTP  9/27/2026 2:00:53 PM ::1 Returned 301 in 1 ms
 HTTP  9/27/2026 2:00:53 PM ::1 GET /index
 HTTP  9/27/2026 2:00:53 PM ::1 Returned 301 in 0 ms
 HTTP  9/27/2026 2:00:53 PM ::1 GET /
 HTTP  9/27/2026 2:00:53 PM ::1 Returned 200 in 1 ms
 HTTP  9/27/2026 2:00:53 PM ::1 GET /assets/index.html-DJuLQVEt.js
 HTTP  9/27/2026 2:00:53 PM ::1 Returned 200 in 3 ms
 HTTP  9/27/2026 2:00:53 PM ::1 GET /assets/src-B-HZ1_cd.css
 HTTP  9/27/2026 2:00:53 PM ::1 GET /assets/jsx-runtime-CNxEmuZI.js
 HTTP  9/27/2026 2:00:53 PM ::1 GET /assets/src-DzQxpg2v.js
 HTTP  9/27/2026 2:00:53 PM ::1 GET /assets/createLucideIcon-DaTeqTW2.js
 HTTP  9/27/2026 2:00:53 PM ::1 GET /assets/shield-DT2cXFY2.js
 HTTP  9/27/2026 2:00:53 PM ::1 Returned 200 in 2 ms
 HTTP  9/27/2026 2:00:53 PM ::1 Returned 200 in 2 ms
 HTTP  9/27/2026 2:00:53 PM ::1 Returned 200 in 2 ms
 HTTP  9/27/2026 2:00:53 PM ::1 Returned 200 in 2 ms
 HTTP  9/27/2026 2:00:53 PM ::1 Returned 200 in 2 ms
 HTTP  9/27/2026 2:00:53 PM ::1 GET /assets/shield-check-BokZ-n42.js
 HTTP  9/27/2026 2:00:53 PM ::1 GET /assets/manager-BWo3Ud1g.js
 HTTP  9/27/2026 2:00:53 PM ::1 Returned 200 in 3 ms
 HTTP  9/27/2026 2:00:53 PM ::1 Returned 200 in 3 ms
 HTTP  9/27/2026 2:00:53 PM ::1 GET /james.png
 HTTP  9/27/2026 2:00:53 PM ::1 Returned 200 in 1 ms
 HTTP  9/27/2026 2:00:55 PM ::1 GET /privacy.html
 HTTP  9/27/2026 2:00:55 PM ::1 Returned 301 in 1 ms
 HTTP  9/27/2026 2:00:55 PM ::1 GET /privacy
 HTTP  9/27/2026 2:00:55 PM ::1 Returned 200 in 2 ms
 HTTP  9/27/2026 2:00:55 PM ::1 GET /assets/privacy-CaTqMMvx.js
 HTTP  9/27/2026 2:00:55 PM ::1 GET /assets/jsx-runtime-CNxEmuZI.js
 HTTP  9/27/2026 2:00:55 PM ::1 GET /assets/src-B-HZ1_cd.css
 HTTP  9/27/2026 2:00:55 PM ::1 GET /assets/src-DzQxpg2v.js
 HTTP  9/27/2026 2:00:55 PM ::1 GET /assets/createLucideIcon-DaTeqTW2.js
 HTTP  9/27/2026 2:00:55 PM ::1 GET /assets/shield-check-BokZ-n42.js
 HTTP  9/27/2026 2:00:55 PM ::1 Returned 304 in 2 ms
 HTTP  9/27/2026 2:00:55 PM ::1 Returned 200 in 5 ms
 HTTP  9/27/2026 2:00:55 PM ::1 Returned 304 in 2 ms
 HTTP  9/27/2026 2:00:55 PM ::1 Returned 304 in 2 ms
 HTTP  9/27/2026 2:00:55 PM ::1 Returned 304 in 3 ms
 HTTP  9/27/2026 2:00:55 PM ::1 Returned 304 in 3 ms
 HTTP  9/27/2026 2:00:55 PM ::1 GET /james.png
 HTTP  9/27/2026 2:00:55 PM ::1 Returned 304 in 1 ms
